<?xml version="1.0" encoding="UTF-8"?>
<testsuites>
  <testsuite name="C:\Users\ferie\OneDrive\Bureau\LaravelDevops\SmartHealth_Laravel-main\phpunit.xml" tests="5" assertions="7" errors="0" failures="0" skipped="0" time="1.069854">
    <testsuite name="Unit" tests="2" assertions="4" errors="0" failures="0" skipped="0" time="0.820543">
      <testsuite name="Tests\Unit\UserTest" file="C:\Users\ferie\OneDrive\Bureau\LaravelDevops\SmartHealth_Laravel-main\tests\Unit\UserTest.php" tests="2" assertions="4" errors="0" failures="0" skipped="0" time="0.820543">
        <testcase name="test_user_has_required_attributes" file="C:\Users\ferie\OneDrive\Bureau\LaravelDevops\SmartHealth_Laravel-main\tests\Unit\UserTest.php" line="26" class="Tests\Unit\UserTest" classname="Tests.Unit.UserTest" assertions="3" time="0.796925"/>
        <testcase name="test_user_can_be_created" file="C:\Users\ferie\OneDrive\Bureau\LaravelDevops\SmartHealth_Laravel-main\tests\Unit\UserTest.php" line="13" class="Tests\Unit\UserTest" classname="Tests.Unit.UserTest" assertions="1" time="0.023618"/>
      </testsuite>
    </testsuite>
    <testsuite name="Feature" tests="3" assertions="3" errors="0" failures="0" skipped="0" time="0.249311">
      <testsuite name="Tests\Feature\AuthTest" file="C:\Users\ferie\OneDrive\Bureau\LaravelDevops\SmartHealth_Laravel-main\tests\Feature\AuthTest.php" tests="3" assertions="3" errors="0" failures="0" skipped="0" time="0.249311">
        <testcase name="test_users_can_authenticate" file="C:\Users\ferie\OneDrive\Bureau\LaravelDevops\SmartHealth_Laravel-main\tests\Feature\AuthTest.php" line="19" class="Tests\Feature\AuthTest" classname="Tests.Feature.AuthTest" assertions="1" time="0.155758"/>
        <testcase name="test_users_cannot_authenticate_with_invalid_password" file="C:\Users\ferie\OneDrive\Bureau\LaravelDevops\SmartHealth_Laravel-main\tests\Feature\AuthTest.php" line="31" class="Tests\Feature\AuthTest" classname="Tests.Feature.AuthTest" assertions="1" time="0.030199"/>
        <testcase name="test_login_page_can_be_rendered" file="C:\Users\ferie\OneDrive\Bureau\LaravelDevops\SmartHealth_Laravel-main\tests\Feature\AuthTest.php" line="13" class="Tests\Feature\AuthTest" classname="Tests.Feature.AuthTest" assertions="1" time="0.063355"/>
      </testsuite>
    </testsuite>
  </testsuite>
</testsuites>
